  Geri yüklenecek projeler belirleniyor...
C:\Users\NUR\Desktop\antigravity pts\ProjeTakip\ProjeHavuzu.MVCUI\ProjeHavuzu.MVCUI.csproj : warning NU1903: 'AutoMapper' 16.0.0 paketinde önem derecesi yüksek olan bilinen bir https://github.com/advisories/GHSA-rvv3-g6hj-g44x güvenlik açığı var [C:\Users\NUR\Desktop\antigravity pts\ProjeTakip\ProjeHavuzu.slnx]
C:\Users\NUR\Desktop\antigravity pts\ProjeTakip\ProjeHavuzu.Business\ProjeHavuzu.Business.csproj : warning NU1903: 'AutoMapper' 16.0.0 paketinde önem derecesi yüksek olan bilinen bir https://github.com/advisories/GHSA-rvv3-g6hj-g44x güvenlik açığı var [C:\Users\NUR\Desktop\antigravity pts\ProjeTakip\ProjeHavuzu.slnx]
C:\Users\NUR\Desktop\antigravity pts\ProjeTakip\ProjeHavuzu.Data\ProjeHavuzu.Data.csproj : warning NU1903: 'AutoMapper' 16.0.0 paketinde önem derecesi yüksek olan bilinen bir https://github.com/advisories/GHSA-rvv3-g6hj-g44x güvenlik açığı var [C:\Users\NUR\Desktop\antigravity pts\ProjeTakip\ProjeHavuzu.slnx]
C:\Users\NUR\Desktop\antigravity pts\ProjeTakip\ProjeHavuzu.Business\ProjeHavuzu.Business.csproj : warning NU1903: 'Newtonsoft.Json' 11.0.1 paketinde önem derecesi yüksek olan bilinen bir https://github.com/advisories/GHSA-5crp-9r3c-p9vr güvenlik açığı var [C:\Users\NUR\Desktop\antigravity pts\ProjeTakip\ProjeHavuzu.slnx]
C:\Users\NUR\Desktop\antigravity pts\ProjeTakip\ProjeHavuzu.Data\ProjeHavuzu.Data.csproj : warning NU1903: 'System.Security.Cryptography.Xml' 9.0.0 paketinde önem derecesi yüksek olan bilinen bir https://github.com/advisories/GHSA-37gx-xxp4-5rgx güvenlik açığı var [C:\Users\NUR\Desktop\antigravity pts\ProjeTakip\ProjeHavuzu.slnx]
C:\Users\NUR\Desktop\antigravity pts\ProjeTakip\ProjeHavuzu.MVCUI\ProjeHavuzu.MVCUI.csproj : warning NU1901: 'NuGet.Packaging' 6.12.1 paketinde önem derecesi düşük olan bilinen bir https://github.com/advisories/GHSA-g4vj-cjjj-v7hg güvenlik açığı var [C:\Users\NUR\Desktop\antigravity pts\ProjeTakip\ProjeHavuzu.slnx]
C:\Users\NUR\Desktop\antigravity pts\ProjeTakip\ProjeHavuzu.Data\ProjeHavuzu.Data.csproj : warning NU1903: 'System.Security.Cryptography.Xml' 9.0.0 paketinde önem derecesi yüksek olan bilinen bir https://github.com/advisories/GHSA-w3x6-4m5h-cxqf güvenlik açığı var [C:\Users\NUR\Desktop\antigravity pts\ProjeTakip\ProjeHavuzu.slnx]
C:\Users\NUR\Desktop\antigravity pts\ProjeTakip\ProjeHavuzu.MVCUI\ProjeHavuzu.MVCUI.csproj : warning NU1901: 'NuGet.Protocol' 6.12.1 paketinde önem derecesi düşük olan bilinen bir https://github.com/advisories/GHSA-g4vj-cjjj-v7hg güvenlik açığı var [C:\Users\NUR\Desktop\antigravity pts\ProjeTakip\ProjeHavuzu.slnx]
  Geri yükleme için tüm projeler güncel.
C:\Users\NUR\Desktop\antigravity pts\ProjeTakip\ProjeHavuzu.Data\ProjeHavuzu.Data.csproj : warning NU1903: 'AutoMapper' 16.0.0 paketinde önem derecesi yüksek olan bilinen bir https://github.com/advisories/GHSA-rvv3-g6hj-g44x güvenlik açığı var
C:\Users\NUR\Desktop\antigravity pts\ProjeTakip\ProjeHavuzu.Data\ProjeHavuzu.Data.csproj : warning NU1903: 'System.Security.Cryptography.Xml' 9.0.0 paketinde önem derecesi yüksek olan bilinen bir https://github.com/advisories/GHSA-37gx-xxp4-5rgx güvenlik açığı var
C:\Users\NUR\Desktop\antigravity pts\ProjeTakip\ProjeHavuzu.Data\ProjeHavuzu.Data.csproj : warning NU1903: 'System.Security.Cryptography.Xml' 9.0.0 paketinde önem derecesi yüksek olan bilinen bir https://github.com/advisories/GHSA-w3x6-4m5h-cxqf güvenlik açığı var
C:\Users\NUR\Desktop\antigravity pts\ProjeTakip\ProjeHavuzu.MVCUI\ProjeHavuzu.MVCUI.csproj : warning NU1903: 'AutoMapper' 16.0.0 paketinde önem derecesi yüksek olan bilinen bir https://github.com/advisories/GHSA-rvv3-g6hj-g44x güvenlik açığı var
C:\Users\NUR\Desktop\antigravity pts\ProjeTakip\ProjeHavuzu.MVCUI\ProjeHavuzu.MVCUI.csproj : warning NU1901: 'NuGet.Packaging' 6.12.1 paketinde önem derecesi düşük olan bilinen bir https://github.com/advisories/GHSA-g4vj-cjjj-v7hg güvenlik açığı var
C:\Users\NUR\Desktop\antigravity pts\ProjeTakip\ProjeHavuzu.MVCUI\ProjeHavuzu.MVCUI.csproj : warning NU1901: 'NuGet.Protocol' 6.12.1 paketinde önem derecesi düşük olan bilinen bir https://github.com/advisories/GHSA-g4vj-cjjj-v7hg güvenlik açığı var
C:\Users\NUR\Desktop\antigravity pts\ProjeTakip\ProjeHavuzu.Business\ProjeHavuzu.Business.csproj : warning NU1903: 'AutoMapper' 16.0.0 paketinde önem derecesi yüksek olan bilinen bir https://github.com/advisories/GHSA-rvv3-g6hj-g44x güvenlik açığı var
C:\Users\NUR\Desktop\antigravity pts\ProjeTakip\ProjeHavuzu.Business\ProjeHavuzu.Business.csproj : warning NU1903: 'Newtonsoft.Json' 11.0.1 paketinde önem derecesi yüksek olan bilinen bir https://github.com/advisories/GHSA-5crp-9r3c-p9vr güvenlik açığı var
  ProjeHavuzu.Data -> C:\Users\NUR\Desktop\antigravity pts\ProjeTakip\ProjeHavuzu.Data\bin\Debug\net10.0\ProjeHavuzu.Data.dll
  ProjeHavuzu.Business -> C:\Users\NUR\Desktop\antigravity pts\ProjeTakip\ProjeHavuzu.Business\bin\Debug\net10.0\ProjeHavuzu.Business.dll
C:\Program Files\dotnet\sdk\10.0.201\Microsoft.Common.CurrentVersion.targets(5094,5): warning MSB3026: "C:\Users\NUR\Desktop\antigravity pts\ProjeTakip\ProjeHavuzu.Data\bin\Debug\net10.0\ProjeHavuzu.Data.dll", "bin\Debug\net10.0\ProjeHavuzu.Data.dll" üzerine kopyalanamadı. 1 numaralı yeniden denemeye 1000 ms içinde başlanacak. The process cannot access the file 'C:\Users\NUR\Desktop\antigravity pts\ProjeTakip\ProjeHavuzu.MVCUI\bin\Debug\net10.0\ProjeHavuzu.Data.dll' because it is being used by another process. Dosya şunun tarafından kilitlendi: "ProjeHavuzu.MVCUI (16480)" [C:\Users\NUR\Desktop\antigravity pts\ProjeTakip\ProjeHavuzu.MVCUI\ProjeHavuzu.MVCUI.csproj]
C:\Program Files\dotnet\sdk\10.0.201\Microsoft.Common.CurrentVersion.targets(5094,5): warning MSB3026: "C:\Users\NUR\Desktop\antigravity pts\ProjeTakip\ProjeHavuzu.Business\bin\Debug\net10.0\ProjeHavuzu.Business.dll", "bin\Debug\net10.0\ProjeHavuzu.Business.dll" üzerine kopyalanamadı. 1 numaralı yeniden denemeye 1000 ms içinde başlanacak. The process cannot access the file 'C:\Users\NUR\Desktop\antigravity pts\ProjeTakip\ProjeHavuzu.MVCUI\bin\Debug\net10.0\ProjeHavuzu.Business.dll' because it is being used by another process. Dosya şunun tarafından kilitlendi: "ProjeHavuzu.MVCUI (16480)" [C:\Users\NUR\Desktop\antigravity pts\ProjeTakip\ProjeHavuzu.MVCUI\ProjeHavuzu.MVCUI.csproj]
C:\Program Files\dotnet\sdk\10.0.201\Microsoft.Common.CurrentVersion.targets(5094,5): warning MSB3026: "C:\Users\NUR\Desktop\antigravity pts\ProjeTakip\ProjeHavuzu.Data\bin\Debug\net10.0\ProjeHavuzu.Data.dll", "bin\Debug\net10.0\ProjeHavuzu.Data.dll" üzerine kopyalanamadı. 2 numaralı yeniden denemeye 1000 ms içinde başlanacak. The process cannot access the file 'C:\Users\NUR\Desktop\antigravity pts\ProjeTakip\ProjeHavuzu.MVCUI\bin\Debug\net10.0\ProjeHavuzu.Data.dll' because it is being used by another process. Dosya şunun tarafından kilitlendi: "ProjeHavuzu.MVCUI (16480)" [C:\Users\NUR\Desktop\antigravity pts\ProjeTakip\ProjeHavuzu.MVCUI\ProjeHavuzu.MVCUI.csproj]
C:\Program Files\dotnet\sdk\10.0.201\Microsoft.Common.CurrentVersion.targets(5094,5): warning MSB3026: "C:\Users\NUR\Desktop\antigravity pts\ProjeTakip\ProjeHavuzu.Business\bin\Debug\net10.0\ProjeHavuzu.Business.dll", "bin\Debug\net10.0\ProjeHavuzu.Business.dll" üzerine kopyalanamadı. 2 numaralı yeniden denemeye 1000 ms içinde başlanacak. The process cannot access the file 'C:\Users\NUR\Desktop\antigravity pts\ProjeTakip\ProjeHavuzu.MVCUI\bin\Debug\net10.0\ProjeHavuzu.Business.dll' because it is being used by another process. Dosya şunun tarafından kilitlendi: "ProjeHavuzu.MVCUI (16480)" [C:\Users\NUR\Desktop\antigravity pts\ProjeTakip\ProjeHavuzu.MVCUI\ProjeHavuzu.MVCUI.csproj]
C:\Program Files\dotnet\sdk\10.0.201\Microsoft.Common.CurrentVersion.targets(5094,5): warning MSB3026: "C:\Users\NUR\Desktop\antigravity pts\ProjeTakip\ProjeHavuzu.Business\bin\Debug\net10.0\ProjeHavuzu.Business.dll", "bin\Debug\net10.0\ProjeHavuzu.Business.dll" üzerine kopyalanamadı. 3 numaralı yeniden denemeye 1000 ms içinde başlanacak. The process cannot access the file 'C:\Users\NUR\Desktop\antigravity pts\ProjeTakip\ProjeHavuzu.MVCUI\bin\Debug\net10.0\ProjeHavuzu.Business.dll' because it is being used by another process. Dosya şunun tarafından kilitlendi: "ProjeHavuzu.MVCUI (16480)" [C:\Users\NUR\Desktop\antigravity pts\ProjeTakip\ProjeHavuzu.MVCUI\ProjeHavuzu.MVCUI.csproj]
C:\Program Files\dotnet\sdk\10.0.201\Microsoft.Common.CurrentVersion.targets(5094,5): warning MSB3026: "C:\Users\NUR\Desktop\antigravity pts\ProjeTakip\ProjeHavuzu.Data\bin\Debug\net10.0\ProjeHavuzu.Data.dll", "bin\Debug\net10.0\ProjeHavuzu.Data.dll" üzerine kopyalanamadı. 3 numaralı yeniden denemeye 1000 ms içinde başlanacak. The process cannot access the file 'C:\Users\NUR\Desktop\antigravity pts\ProjeTakip\ProjeHavuzu.MVCUI\bin\Debug\net10.0\ProjeHavuzu.Data.dll' because it is being used by another process. Dosya şunun tarafından kilitlendi: "ProjeHavuzu.MVCUI (16480)" [C:\Users\NUR\Desktop\antigravity pts\ProjeTakip\ProjeHavuzu.MVCUI\ProjeHavuzu.MVCUI.csproj]
C:\Program Files\dotnet\sdk\10.0.201\Microsoft.Common.CurrentVersion.targets(5094,5): warning MSB3026: "C:\Users\NUR\Desktop\antigravity pts\ProjeTakip\ProjeHavuzu.Data\bin\Debug\net10.0\ProjeHavuzu.Data.dll", "bin\Debug\net10.0\ProjeHavuzu.Data.dll" üzerine kopyalanamadı. 4 numaralı yeniden denemeye 1000 ms içinde başlanacak. The process cannot access the file 'C:\Users\NUR\Desktop\antigravity pts\ProjeTakip\ProjeHavuzu.MVCUI\bin\Debug\net10.0\ProjeHavuzu.Data.dll' because it is being used by another process. Dosya şunun tarafından kilitlendi: "ProjeHavuzu.MVCUI (16480)" [C:\Users\NUR\Desktop\antigravity pts\ProjeTakip\ProjeHavuzu.MVCUI\ProjeHavuzu.MVCUI.csproj]
C:\Program Files\dotnet\sdk\10.0.201\Microsoft.Common.CurrentVersion.targets(5094,5): warning MSB3026: "C:\Users\NUR\Desktop\antigravity pts\ProjeTakip\ProjeHavuzu.Business\bin\Debug\net10.0\ProjeHavuzu.Business.dll", "bin\Debug\net10.0\ProjeHavuzu.Business.dll" üzerine kopyalanamadı. 4 numaralı yeniden denemeye 1000 ms içinde başlanacak. The process cannot access the file 'C:\Users\NUR\Desktop\antigravity pts\ProjeTakip\ProjeHavuzu.MVCUI\bin\Debug\net10.0\ProjeHavuzu.Business.dll' because it is being used by another process. Dosya şunun tarafından kilitlendi: "ProjeHavuzu.MVCUI (16480)" [C:\Users\NUR\Desktop\antigravity pts\ProjeTakip\ProjeHavuzu.MVCUI\ProjeHavuzu.MVCUI.csproj]
C:\Program Files\dotnet\sdk\10.0.201\Microsoft.Common.CurrentVersion.targets(5094,5): warning MSB3026: "C:\Users\NUR\Desktop\antigravity pts\ProjeTakip\ProjeHavuzu.Business\bin\Debug\net10.0\ProjeHavuzu.Business.dll", "bin\Debug\net10.0\ProjeHavuzu.Business.dll" üzerine kopyalanamadı. 5 numaralı yeniden denemeye 1000 ms içinde başlanacak. The process cannot access the file 'C:\Users\NUR\Desktop\antigravity pts\ProjeTakip\ProjeHavuzu.MVCUI\bin\Debug\net10.0\ProjeHavuzu.Business.dll' because it is being used by another process. Dosya şunun tarafından kilitlendi: "ProjeHavuzu.MVCUI (16480)" [C:\Users\NUR\Desktop\antigravity pts\ProjeTakip\ProjeHavuzu.MVCUI\ProjeHavuzu.MVCUI.csproj]
C:\Program Files\dotnet\sdk\10.0.201\Microsoft.Common.CurrentVersion.targets(5094,5): warning MSB3026: "C:\Users\NUR\Desktop\antigravity pts\ProjeTakip\ProjeHavuzu.Data\bin\Debug\net10.0\ProjeHavuzu.Data.dll", "bin\Debug\net10.0\ProjeHavuzu.Data.dll" üzerine kopyalanamadı. 5 numaralı yeniden denemeye 1000 ms içinde başlanacak. The process cannot access the file 'C:\Users\NUR\Desktop\antigravity pts\ProjeTakip\ProjeHavuzu.MVCUI\bin\Debug\net10.0\ProjeHavuzu.Data.dll' because it is being used by another process. Dosya şunun tarafından kilitlendi: "ProjeHavuzu.MVCUI (16480)" [C:\Users\NUR\Desktop\antigravity pts\ProjeTakip\ProjeHavuzu.MVCUI\ProjeHavuzu.MVCUI.csproj]
C:\Program Files\dotnet\sdk\10.0.201\Microsoft.Common.CurrentVersion.targets(5094,5): warning MSB3026: "C:\Users\NUR\Desktop\antigravity pts\ProjeTakip\ProjeHavuzu.Business\bin\Debug\net10.0\ProjeHavuzu.Business.dll", "bin\Debug\net10.0\ProjeHavuzu.Business.dll" üzerine kopyalanamadı. 6 numaralı yeniden denemeye 1000 ms içinde başlanacak. The process cannot access the file 'C:\Users\NUR\Desktop\antigravity pts\ProjeTakip\ProjeHavuzu.MVCUI\bin\Debug\net10.0\ProjeHavuzu.Business.dll' because it is being used by another process. Dosya şunun tarafından kilitlendi: "ProjeHavuzu.MVCUI (16480)" [C:\Users\NUR\Desktop\antigravity pts\ProjeTakip\ProjeHavuzu.MVCUI\ProjeHavuzu.MVCUI.csproj]
C:\Program Files\dotnet\sdk\10.0.201\Microsoft.Common.CurrentVersion.targets(5094,5): warning MSB3026: "C:\Users\NUR\Desktop\antigravity pts\ProjeTakip\ProjeHavuzu.Data\bin\Debug\net10.0\ProjeHavuzu.Data.dll", "bin\Debug\net10.0\ProjeHavuzu.Data.dll" üzerine kopyalanamadı. 6 numaralı yeniden denemeye 1000 ms içinde başlanacak. The process cannot access the file 'C:\Users\NUR\Desktop\antigravity pts\ProjeTakip\ProjeHavuzu.MVCUI\bin\Debug\net10.0\ProjeHavuzu.Data.dll' because it is being used by another process. Dosya şunun tarafından kilitlendi: "ProjeHavuzu.MVCUI (16480)" [C:\Users\NUR\Desktop\antigravity pts\ProjeTakip\ProjeHavuzu.MVCUI\ProjeHavuzu.MVCUI.csproj]
C:\Program Files\dotnet\sdk\10.0.201\Microsoft.Common.CurrentVersion.targets(5094,5): warning MSB3026: "C:\Users\NUR\Desktop\antigravity pts\ProjeTakip\ProjeHavuzu.Data\bin\Debug\net10.0\ProjeHavuzu.Data.dll", "bin\Debug\net10.0\ProjeHavuzu.Data.dll" üzerine kopyalanamadı. 7 numaralı yeniden denemeye 1000 ms içinde başlanacak. The process cannot access the file 'C:\Users\NUR\Desktop\antigravity pts\ProjeTakip\ProjeHavuzu.MVCUI\bin\Debug\net10.0\ProjeHavuzu.Data.dll' because it is being used by another process. Dosya şunun tarafından kilitlendi: "ProjeHavuzu.MVCUI (16480)" [C:\Users\NUR\Desktop\antigravity pts\ProjeTakip\ProjeHavuzu.MVCUI\ProjeHavuzu.MVCUI.csproj]
C:\Program Files\dotnet\sdk\10.0.201\Microsoft.Common.CurrentVersion.targets(5094,5): warning MSB3026: "C:\Users\NUR\Desktop\antigravity pts\ProjeTakip\ProjeHavuzu.Business\bin\Debug\net10.0\ProjeHavuzu.Business.dll", "bin\Debug\net10.0\ProjeHavuzu.Business.dll" üzerine kopyalanamadı. 7 numaralı yeniden denemeye 1000 ms içinde başlanacak. The process cannot access the file 'C:\Users\NUR\Desktop\antigravity pts\ProjeTakip\ProjeHavuzu.MVCUI\bin\Debug\net10.0\ProjeHavuzu.Business.dll' because it is being used by another process. Dosya şunun tarafından kilitlendi: "ProjeHavuzu.MVCUI (16480)" [C:\Users\NUR\Desktop\antigravity pts\ProjeTakip\ProjeHavuzu.MVCUI\ProjeHavuzu.MVCUI.csproj]
C:\Program Files\dotnet\sdk\10.0.201\Microsoft.Common.CurrentVersion.targets(5094,5): warning MSB3026: "C:\Users\NUR\Desktop\antigravity pts\ProjeTakip\ProjeHavuzu.Data\bin\Debug\net10.0\ProjeHavuzu.Data.dll", "bin\Debug\net10.0\ProjeHavuzu.Data.dll" üzerine kopyalanamadı. 8 numaralı yeniden denemeye 1000 ms içinde başlanacak. The process cannot access the file 'C:\Users\NUR\Desktop\antigravity pts\ProjeTakip\ProjeHavuzu.MVCUI\bin\Debug\net10.0\ProjeHavuzu.Data.dll' because it is being used by another process. Dosya şunun tarafından kilitlendi: "ProjeHavuzu.MVCUI (16480)" [C:\Users\NUR\Desktop\antigravity pts\ProjeTakip\ProjeHavuzu.MVCUI\ProjeHavuzu.MVCUI.csproj]
C:\Program Files\dotnet\sdk\10.0.201\Microsoft.Common.CurrentVersion.targets(5094,5): warning MSB3026: "C:\Users\NUR\Desktop\antigravity pts\ProjeTakip\ProjeHavuzu.Business\bin\Debug\net10.0\ProjeHavuzu.Business.dll", "bin\Debug\net10.0\ProjeHavuzu.Business.dll" üzerine kopyalanamadı. 8 numaralı yeniden denemeye 1000 ms içinde başlanacak. The process cannot access the file 'C:\Users\NUR\Desktop\antigravity pts\ProjeTakip\ProjeHavuzu.MVCUI\bin\Debug\net10.0\ProjeHavuzu.Business.dll' because it is being used by another process. Dosya şunun tarafından kilitlendi: "ProjeHavuzu.MVCUI (16480)" [C:\Users\NUR\Desktop\antigravity pts\ProjeTakip\ProjeHavuzu.MVCUI\ProjeHavuzu.MVCUI.csproj]
C:\Program Files\dotnet\sdk\10.0.201\Microsoft.Common.CurrentVersion.targets(5094,5): warning MSB3026: "C:\Users\NUR\Desktop\antigravity pts\ProjeTakip\ProjeHavuzu.Business\bin\Debug\net10.0\ProjeHavuzu.Business.dll", "bin\Debug\net10.0\ProjeHavuzu.Business.dll" üzerine kopyalanamadı. 9 numaralı yeniden denemeye 1000 ms içinde başlanacak. The process cannot access the file 'C:\Users\NUR\Desktop\antigravity pts\ProjeTakip\ProjeHavuzu.MVCUI\bin\Debug\net10.0\ProjeHavuzu.Business.dll' because it is being used by another process. Dosya şunun tarafından kilitlendi: "ProjeHavuzu.MVCUI (16480)" [C:\Users\NUR\Desktop\antigravity pts\ProjeTakip\ProjeHavuzu.MVCUI\ProjeHavuzu.MVCUI.csproj]
C:\Program Files\dotnet\sdk\10.0.201\Microsoft.Common.CurrentVersion.targets(5094,5): warning MSB3026: "C:\Users\NUR\Desktop\antigravity pts\ProjeTakip\ProjeHavuzu.Data\bin\Debug\net10.0\ProjeHavuzu.Data.dll", "bin\Debug\net10.0\ProjeHavuzu.Data.dll" üzerine kopyalanamadı. 9 numaralı yeniden denemeye 1000 ms içinde başlanacak. The process cannot access the file 'C:\Users\NUR\Desktop\antigravity pts\ProjeTakip\ProjeHavuzu.MVCUI\bin\Debug\net10.0\ProjeHavuzu.Data.dll' because it is being used by another process. Dosya şunun tarafından kilitlendi: "ProjeHavuzu.MVCUI (16480)" [C:\Users\NUR\Desktop\antigravity pts\ProjeTakip\ProjeHavuzu.MVCUI\ProjeHavuzu.MVCUI.csproj]
C:\Program Files\dotnet\sdk\10.0.201\Microsoft.Common.CurrentVersion.targets(5094,5): warning MSB3026: "C:\Users\NUR\Desktop\antigravity pts\ProjeTakip\ProjeHavuzu.Data\bin\Debug\net10.0\ProjeHavuzu.Data.dll", "bin\Debug\net10.0\ProjeHavuzu.Data.dll" üzerine kopyalanamadı. 10 numaralı yeniden denemeye 1000 ms içinde başlanacak. The process cannot access the file 'C:\Users\NUR\Desktop\antigravity pts\ProjeTakip\ProjeHavuzu.MVCUI\bin\Debug\net10.0\ProjeHavuzu.Data.dll' because it is being used by another process. Dosya şunun tarafından kilitlendi: "ProjeHavuzu.MVCUI (16480)" [C:\Users\NUR\Desktop\antigravity pts\ProjeTakip\ProjeHavuzu.MVCUI\ProjeHavuzu.MVCUI.csproj]
C:\Program Files\dotnet\sdk\10.0.201\Microsoft.Common.CurrentVersion.targets(5094,5): warning MSB3026: "C:\Users\NUR\Desktop\antigravity pts\ProjeTakip\ProjeHavuzu.Business\bin\Debug\net10.0\ProjeHavuzu.Business.dll", "bin\Debug\net10.0\ProjeHavuzu.Business.dll" üzerine kopyalanamadı. 10 numaralı yeniden denemeye 1000 ms içinde başlanacak. The process cannot access the file 'C:\Users\NUR\Desktop\antigravity pts\ProjeTakip\ProjeHavuzu.MVCUI\bin\Debug\net10.0\ProjeHavuzu.Business.dll' because it is being used by another process. Dosya şunun tarafından kilitlendi: "ProjeHavuzu.MVCUI (16480)" [C:\Users\NUR\Desktop\antigravity pts\ProjeTakip\ProjeHavuzu.MVCUI\ProjeHavuzu.MVCUI.csproj]
C:\Program Files\dotnet\sdk\10.0.201\Microsoft.Common.CurrentVersion.targets(5094,5): error MSB3027: "C:\Users\NUR\Desktop\antigravity pts\ProjeTakip\ProjeHavuzu.Business\bin\Debug\net10.0\ProjeHavuzu.Business.dll", "bin\Debug\net10.0\ProjeHavuzu.Business.dll" üzerine kopyalanamadı. 10 yeniden deneme sayısı aşıldı. Başarısız oldu. Dosya şunun tarafından kilitlendi: "ProjeHavuzu.MVCUI (16480)" [C:\Users\NUR\Desktop\antigravity pts\ProjeTakip\ProjeHavuzu.MVCUI\ProjeHavuzu.MVCUI.csproj]
C:\Program Files\dotnet\sdk\10.0.201\Microsoft.Common.CurrentVersion.targets(5094,5): error MSB3021: "C:\Users\NUR\Desktop\antigravity pts\ProjeTakip\ProjeHavuzu.Business\bin\Debug\net10.0\ProjeHavuzu.Business.dll" dosyası "bin\Debug\net10.0\ProjeHavuzu.Business.dll" üzerine kopyalanamıyor. The process cannot access the file 'C:\Users\NUR\Desktop\antigravity pts\ProjeTakip\ProjeHavuzu.MVCUI\bin\Debug\net10.0\ProjeHavuzu.Business.dll' because it is being used by another process. [C:\Users\NUR\Desktop\antigravity pts\ProjeTakip\ProjeHavuzu.MVCUI\ProjeHavuzu.MVCUI.csproj]
C:\Program Files\dotnet\sdk\10.0.201\Microsoft.Common.CurrentVersion.targets(5094,5): error MSB3027: "C:\Users\NUR\Desktop\antigravity pts\ProjeTakip\ProjeHavuzu.Data\bin\Debug\net10.0\ProjeHavuzu.Data.dll", "bin\Debug\net10.0\ProjeHavuzu.Data.dll" üzerine kopyalanamadı. 10 yeniden deneme sayısı aşıldı. Başarısız oldu. Dosya şunun tarafından kilitlendi: "ProjeHavuzu.MVCUI (16480)" [C:\Users\NUR\Desktop\antigravity pts\ProjeTakip\ProjeHavuzu.MVCUI\ProjeHavuzu.MVCUI.csproj]
C:\Program Files\dotnet\sdk\10.0.201\Microsoft.Common.CurrentVersion.targets(5094,5): error MSB3021: "C:\Users\NUR\Desktop\antigravity pts\ProjeTakip\ProjeHavuzu.Data\bin\Debug\net10.0\ProjeHavuzu.Data.dll" dosyası "bin\Debug\net10.0\ProjeHavuzu.Data.dll" üzerine kopyalanamıyor. The process cannot access the file 'C:\Users\NUR\Desktop\antigravity pts\ProjeTakip\ProjeHavuzu.MVCUI\bin\Debug\net10.0\ProjeHavuzu.Data.dll' because it is being used by another process. [C:\Users\NUR\Desktop\antigravity pts\ProjeTakip\ProjeHavuzu.MVCUI\ProjeHavuzu.MVCUI.csproj]

Oluşturma BAŞARISIZ OLDU.

C:\Users\NUR\Desktop\antigravity pts\ProjeTakip\ProjeHavuzu.MVCUI\ProjeHavuzu.MVCUI.csproj : warning NU1903: 'AutoMapper' 16.0.0 paketinde önem derecesi yüksek olan bilinen bir https://github.com/advisories/GHSA-rvv3-g6hj-g44x güvenlik açığı var [C:\Users\NUR\Desktop\antigravity pts\ProjeTakip\ProjeHavuzu.slnx]
C:\Users\NUR\Desktop\antigravity pts\ProjeTakip\ProjeHavuzu.Business\ProjeHavuzu.Business.csproj : warning NU1903: 'AutoMapper' 16.0.0 paketinde önem derecesi yüksek olan bilinen bir https://github.com/advisories/GHSA-rvv3-g6hj-g44x güvenlik açığı var [C:\Users\NUR\Desktop\antigravity pts\ProjeTakip\ProjeHavuzu.slnx]
C:\Users\NUR\Desktop\antigravity pts\ProjeTakip\ProjeHavuzu.Data\ProjeHavuzu.Data.csproj : warning NU1903: 'AutoMapper' 16.0.0 paketinde önem derecesi yüksek olan bilinen bir https://github.com/advisories/GHSA-rvv3-g6hj-g44x güvenlik açığı var [C:\Users\NUR\Desktop\antigravity pts\ProjeTakip\ProjeHavuzu.slnx]
C:\Users\NUR\Desktop\antigravity pts\ProjeTakip\ProjeHavuzu.Business\ProjeHavuzu.Business.csproj : warning NU1903: 'Newtonsoft.Json' 11.0.1 paketinde önem derecesi yüksek olan bilinen bir https://github.com/advisories/GHSA-5crp-9r3c-p9vr güvenlik açığı var [C:\Users\NUR\Desktop\antigravity pts\ProjeTakip\ProjeHavuzu.slnx]
C:\Users\NUR\Desktop\antigravity pts\ProjeTakip\ProjeHavuzu.Data\ProjeHavuzu.Data.csproj : warning NU1903: 'System.Security.Cryptography.Xml' 9.0.0 paketinde önem derecesi yüksek olan bilinen bir https://github.com/advisories/GHSA-37gx-xxp4-5rgx güvenlik açığı var [C:\Users\NUR\Desktop\antigravity pts\ProjeTakip\ProjeHavuzu.slnx]
C:\Users\NUR\Desktop\antigravity pts\ProjeTakip\ProjeHavuzu.MVCUI\ProjeHavuzu.MVCUI.csproj : warning NU1901: 'NuGet.Packaging' 6.12.1 paketinde önem derecesi düşük olan bilinen bir https://github.com/advisories/GHSA-g4vj-cjjj-v7hg güvenlik açığı var [C:\Users\NUR\Desktop\antigravity pts\ProjeTakip\ProjeHavuzu.slnx]
C:\Users\NUR\Desktop\antigravity pts\ProjeTakip\ProjeHavuzu.Data\ProjeHavuzu.Data.csproj : warning NU1903: 'System.Security.Cryptography.Xml' 9.0.0 paketinde önem derecesi yüksek olan bilinen bir https://github.com/advisories/GHSA-w3x6-4m5h-cxqf güvenlik açığı var [C:\Users\NUR\Desktop\antigravity pts\ProjeTakip\ProjeHavuzu.slnx]
C:\Users\NUR\Desktop\antigravity pts\ProjeTakip\ProjeHavuzu.MVCUI\ProjeHavuzu.MVCUI.csproj : warning NU1901: 'NuGet.Protocol' 6.12.1 paketinde önem derecesi düşük olan bilinen bir https://github.com/advisories/GHSA-g4vj-cjjj-v7hg güvenlik açığı var [C:\Users\NUR\Desktop\antigravity pts\ProjeTakip\ProjeHavuzu.slnx]
C:\Users\NUR\Desktop\antigravity pts\ProjeTakip\ProjeHavuzu.Data\ProjeHavuzu.Data.csproj : warning NU1903: 'AutoMapper' 16.0.0 paketinde önem derecesi yüksek olan bilinen bir https://github.com/advisories/GHSA-rvv3-g6hj-g44x güvenlik açığı var
C:\Users\NUR\Desktop\antigravity pts\ProjeTakip\ProjeHavuzu.Data\ProjeHavuzu.Data.csproj : warning NU1903: 'System.Security.Cryptography.Xml' 9.0.0 paketinde önem derecesi yüksek olan bilinen bir https://github.com/advisories/GHSA-37gx-xxp4-5rgx güvenlik açığı var
C:\Users\NUR\Desktop\antigravity pts\ProjeTakip\ProjeHavuzu.Data\ProjeHavuzu.Data.csproj : warning NU1903: 'System.Security.Cryptography.Xml' 9.0.0 paketinde önem derecesi yüksek olan bilinen bir https://github.com/advisories/GHSA-w3x6-4m5h-cxqf güvenlik açığı var
C:\Users\NUR\Desktop\antigravity pts\ProjeTakip\ProjeHavuzu.MVCUI\ProjeHavuzu.MVCUI.csproj : warning NU1903: 'AutoMapper' 16.0.0 paketinde önem derecesi yüksek olan bilinen bir https://github.com/advisories/GHSA-rvv3-g6hj-g44x güvenlik açığı var
C:\Users\NUR\Desktop\antigravity pts\ProjeTakip\ProjeHavuzu.MVCUI\ProjeHavuzu.MVCUI.csproj : warning NU1901: 'NuGet.Packaging' 6.12.1 paketinde önem derecesi düşük olan bilinen bir https://github.com/advisories/GHSA-g4vj-cjjj-v7hg güvenlik açığı var
C:\Users\NUR\Desktop\antigravity pts\ProjeTakip\ProjeHavuzu.MVCUI\ProjeHavuzu.MVCUI.csproj : warning NU1901: 'NuGet.Protocol' 6.12.1 paketinde önem derecesi düşük olan bilinen bir https://github.com/advisories/GHSA-g4vj-cjjj-v7hg güvenlik açığı var
C:\Users\NUR\Desktop\antigravity pts\ProjeTakip\ProjeHavuzu.Business\ProjeHavuzu.Business.csproj : warning NU1903: 'AutoMapper' 16.0.0 paketinde önem derecesi yüksek olan bilinen bir https://github.com/advisories/GHSA-rvv3-g6hj-g44x güvenlik açığı var
C:\Users\NUR\Desktop\antigravity pts\ProjeTakip\ProjeHavuzu.Business\ProjeHavuzu.Business.csproj : warning NU1903: 'Newtonsoft.Json' 11.0.1 paketinde önem derecesi yüksek olan bilinen bir https://github.com/advisories/GHSA-5crp-9r3c-p9vr güvenlik açığı var
C:\Program Files\dotnet\sdk\10.0.201\Microsoft.Common.CurrentVersion.targets(5094,5): warning MSB3026: "C:\Users\NUR\Desktop\antigravity pts\ProjeTakip\ProjeHavuzu.Data\bin\Debug\net10.0\ProjeHavuzu.Data.dll", "bin\Debug\net10.0\ProjeHavuzu.Data.dll" üzerine kopyalanamadı. 1 numaralı yeniden denemeye 1000 ms içinde başlanacak. The process cannot access the file 'C:\Users\NUR\Desktop\antigravity pts\ProjeTakip\ProjeHavuzu.MVCUI\bin\Debug\net10.0\ProjeHavuzu.Data.dll' because it is being used by another process. Dosya şunun tarafından kilitlendi: "ProjeHavuzu.MVCUI (16480)" [C:\Users\NUR\Desktop\antigravity pts\ProjeTakip\ProjeHavuzu.MVCUI\ProjeHavuzu.MVCUI.csproj]
C:\Program Files\dotnet\sdk\10.0.201\Microsoft.Common.CurrentVersion.targets(5094,5): warning MSB3026: "C:\Users\NUR\Desktop\antigravity pts\ProjeTakip\ProjeHavuzu.Business\bin\Debug\net10.0\ProjeHavuzu.Business.dll", "bin\Debug\net10.0\ProjeHavuzu.Business.dll" üzerine kopyalanamadı. 1 numaralı yeniden denemeye 1000 ms içinde başlanacak. The process cannot access the file 'C:\Users\NUR\Desktop\antigravity pts\ProjeTakip\ProjeHavuzu.MVCUI\bin\Debug\net10.0\ProjeHavuzu.Business.dll' because it is being used by another process. Dosya şunun tarafından kilitlendi: "ProjeHavuzu.MVCUI (16480)" [C:\Users\NUR\Desktop\antigravity pts\ProjeTakip\ProjeHavuzu.MVCUI\ProjeHavuzu.MVCUI.csproj]
C:\Program Files\dotnet\sdk\10.0.201\Microsoft.Common.CurrentVersion.targets(5094,5): warning MSB3026: "C:\Users\NUR\Desktop\antigravity pts\ProjeTakip\ProjeHavuzu.Data\bin\Debug\net10.0\ProjeHavuzu.Data.dll", "bin\Debug\net10.0\ProjeHavuzu.Data.dll" üzerine kopyalanamadı. 2 numaralı yeniden denemeye 1000 ms içinde başlanacak. The process cannot access the file 'C:\Users\NUR\Desktop\antigravity pts\ProjeTakip\ProjeHavuzu.MVCUI\bin\Debug\net10.0\ProjeHavuzu.Data.dll' because it is being used by another process. Dosya şunun tarafından kilitlendi: "ProjeHavuzu.MVCUI (16480)" [C:\Users\NUR\Desktop\antigravity pts\ProjeTakip\ProjeHavuzu.MVCUI\ProjeHavuzu.MVCUI.csproj]
C:\Program Files\dotnet\sdk\10.0.201\Microsoft.Common.CurrentVersion.targets(5094,5): warning MSB3026: "C:\Users\NUR\Desktop\antigravity pts\ProjeTakip\ProjeHavuzu.Business\bin\Debug\net10.0\ProjeHavuzu.Business.dll", "bin\Debug\net10.0\ProjeHavuzu.Business.dll" üzerine kopyalanamadı. 2 numaralı yeniden denemeye 1000 ms içinde başlanacak. The process cannot access the file 'C:\Users\NUR\Desktop\antigravity pts\ProjeTakip\ProjeHavuzu.MVCUI\bin\Debug\net10.0\ProjeHavuzu.Business.dll' because it is being used by another process. Dosya şunun tarafından kilitlendi: "ProjeHavuzu.MVCUI (16480)" [C:\Users\NUR\Desktop\antigravity pts\ProjeTakip\ProjeHavuzu.MVCUI\ProjeHavuzu.MVCUI.csproj]
C:\Program Files\dotnet\sdk\10.0.201\Microsoft.Common.CurrentVersion.targets(5094,5): warning MSB3026: "C:\Users\NUR\Desktop\antigravity pts\ProjeTakip\ProjeHavuzu.Business\bin\Debug\net10.0\ProjeHavuzu.Business.dll", "bin\Debug\net10.0\ProjeHavuzu.Business.dll" üzerine kopyalanamadı. 3 numaralı yeniden denemeye 1000 ms içinde başlanacak. The process cannot access the file 'C:\Users\NUR\Desktop\antigravity pts\ProjeTakip\ProjeHavuzu.MVCUI\bin\Debug\net10.0\ProjeHavuzu.Business.dll' because it is being used by another process. Dosya şunun tarafından kilitlendi: "ProjeHavuzu.MVCUI (16480)" [C:\Users\NUR\Desktop\antigravity pts\ProjeTakip\ProjeHavuzu.MVCUI\ProjeHavuzu.MVCUI.csproj]
C:\Program Files\dotnet\sdk\10.0.201\Microsoft.Common.CurrentVersion.targets(5094,5): warning MSB3026: "C:\Users\NUR\Desktop\antigravity pts\ProjeTakip\ProjeHavuzu.Data\bin\Debug\net10.0\ProjeHavuzu.Data.dll", "bin\Debug\net10.0\ProjeHavuzu.Data.dll" üzerine kopyalanamadı. 3 numaralı yeniden denemeye 1000 ms içinde başlanacak. The process cannot access the file 'C:\Users\NUR\Desktop\antigravity pts\ProjeTakip\ProjeHavuzu.MVCUI\bin\Debug\net10.0\ProjeHavuzu.Data.dll' because it is being used by another process. Dosya şunun tarafından kilitlendi: "ProjeHavuzu.MVCUI (16480)" [C:\Users\NUR\Desktop\antigravity pts\ProjeTakip\ProjeHavuzu.MVCUI\ProjeHavuzu.MVCUI.csproj]
C:\Program Files\dotnet\sdk\10.0.201\Microsoft.Common.CurrentVersion.targets(5094,5): warning MSB3026: "C:\Users\NUR\Desktop\antigravity pts\ProjeTakip\ProjeHavuzu.Data\bin\Debug\net10.0\ProjeHavuzu.Data.dll", "bin\Debug\net10.0\ProjeHavuzu.Data.dll" üzerine kopyalanamadı. 4 numaralı yeniden denemeye 1000 ms içinde başlanacak. The process cannot access the file 'C:\Users\NUR\Desktop\antigravity pts\ProjeTakip\ProjeHavuzu.MVCUI\bin\Debug\net10.0\ProjeHavuzu.Data.dll' because it is being used by another process. Dosya şunun tarafından kilitlendi: "ProjeHavuzu.MVCUI (16480)" [C:\Users\NUR\Desktop\antigravity pts\ProjeTakip\ProjeHavuzu.MVCUI\ProjeHavuzu.MVCUI.csproj]
C:\Program Files\dotnet\sdk\10.0.201\Microsoft.Common.CurrentVersion.targets(5094,5): warning MSB3026: "C:\Users\NUR\Desktop\antigravity pts\ProjeTakip\ProjeHavuzu.Business\bin\Debug\net10.0\ProjeHavuzu.Business.dll", "bin\Debug\net10.0\ProjeHavuzu.Business.dll" üzerine kopyalanamadı. 4 numaralı yeniden denemeye 1000 ms içinde başlanacak. The process cannot access the file 'C:\Users\NUR\Desktop\antigravity pts\ProjeTakip\ProjeHavuzu.MVCUI\bin\Debug\net10.0\ProjeHavuzu.Business.dll' because it is being used by another process. Dosya şunun tarafından kilitlendi: "ProjeHavuzu.MVCUI (16480)" [C:\Users\NUR\Desktop\antigravity pts\ProjeTakip\ProjeHavuzu.MVCUI\ProjeHavuzu.MVCUI.csproj]
C:\Program Files\dotnet\sdk\10.0.201\Microsoft.Common.CurrentVersion.targets(5094,5): warning MSB3026: "C:\Users\NUR\Desktop\antigravity pts\ProjeTakip\ProjeHavuzu.Business\bin\Debug\net10.0\ProjeHavuzu.Business.dll", "bin\Debug\net10.0\ProjeHavuzu.Business.dll" üzerine kopyalanamadı. 5 numaralı yeniden denemeye 1000 ms içinde başlanacak. The process cannot access the file 'C:\Users\NUR\Desktop\antigravity pts\ProjeTakip\ProjeHavuzu.MVCUI\bin\Debug\net10.0\ProjeHavuzu.Business.dll' because it is being used by another process. Dosya şunun tarafından kilitlendi: "ProjeHavuzu.MVCUI (16480)" [C:\Users\NUR\Desktop\antigravity pts\ProjeTakip\ProjeHavuzu.MVCUI\ProjeHavuzu.MVCUI.csproj]
C:\Program Files\dotnet\sdk\10.0.201\Microsoft.Common.CurrentVersion.targets(5094,5): warning MSB3026: "C:\Users\NUR\Desktop\antigravity pts\ProjeTakip\ProjeHavuzu.Data\bin\Debug\net10.0\ProjeHavuzu.Data.dll", "bin\Debug\net10.0\ProjeHavuzu.Data.dll" üzerine kopyalanamadı. 5 numaralı yeniden denemeye 1000 ms içinde başlanacak. The process cannot access the file 'C:\Users\NUR\Desktop\antigravity pts\ProjeTakip\ProjeHavuzu.MVCUI\bin\Debug\net10.0\ProjeHavuzu.Data.dll' because it is being used by another process. Dosya şunun tarafından kilitlendi: "ProjeHavuzu.MVCUI (16480)" [C:\Users\NUR\Desktop\antigravity pts\ProjeTakip\ProjeHavuzu.MVCUI\ProjeHavuzu.MVCUI.csproj]
C:\Program Files\dotnet\sdk\10.0.201\Microsoft.Common.CurrentVersion.targets(5094,5): warning MSB3026: "C:\Users\NUR\Desktop\antigravity pts\ProjeTakip\ProjeHavuzu.Business\bin\Debug\net10.0\ProjeHavuzu.Business.dll", "bin\Debug\net10.0\ProjeHavuzu.Business.dll" üzerine kopyalanamadı. 6 numaralı yeniden denemeye 1000 ms içinde başlanacak. The process cannot access the file 'C:\Users\NUR\Desktop\antigravity pts\ProjeTakip\ProjeHavuzu.MVCUI\bin\Debug\net10.0\ProjeHavuzu.Business.dll' because it is being used by another process. Dosya şunun tarafından kilitlendi: "ProjeHavuzu.MVCUI (16480)" [C:\Users\NUR\Desktop\antigravity pts\ProjeTakip\ProjeHavuzu.MVCUI\ProjeHavuzu.MVCUI.csproj]
C:\Program Files\dotnet\sdk\10.0.201\Microsoft.Common.CurrentVersion.targets(5094,5): warning MSB3026: "C:\Users\NUR\Desktop\antigravity pts\ProjeTakip\ProjeHavuzu.Data\bin\Debug\net10.0\ProjeHavuzu.Data.dll", "bin\Debug\net10.0\ProjeHavuzu.Data.dll" üzerine kopyalanamadı. 6 numaralı yeniden denemeye 1000 ms içinde başlanacak. The process cannot access the file 'C:\Users\NUR\Desktop\antigravity pts\ProjeTakip\ProjeHavuzu.MVCUI\bin\Debug\net10.0\ProjeHavuzu.Data.dll' because it is being used by another process. Dosya şunun tarafından kilitlendi: "ProjeHavuzu.MVCUI (16480)" [C:\Users\NUR\Desktop\antigravity pts\ProjeTakip\ProjeHavuzu.MVCUI\ProjeHavuzu.MVCUI.csproj]
C:\Program Files\dotnet\sdk\10.0.201\Microsoft.Common.CurrentVersion.targets(5094,5): warning MSB3026: "C:\Users\NUR\Desktop\antigravity pts\ProjeTakip\ProjeHavuzu.Data\bin\Debug\net10.0\ProjeHavuzu.Data.dll", "bin\Debug\net10.0\ProjeHavuzu.Data.dll" üzerine kopyalanamadı. 7 numaralı yeniden denemeye 1000 ms içinde başlanacak. The process cannot access the file 'C:\Users\NUR\Desktop\antigravity pts\ProjeTakip\ProjeHavuzu.MVCUI\bin\Debug\net10.0\ProjeHavuzu.Data.dll' because it is being used by another process. Dosya şunun tarafından kilitlendi: "ProjeHavuzu.MVCUI (16480)" [C:\Users\NUR\Desktop\antigravity pts\ProjeTakip\ProjeHavuzu.MVCUI\ProjeHavuzu.MVCUI.csproj]
C:\Program Files\dotnet\sdk\10.0.201\Microsoft.Common.CurrentVersion.targets(5094,5): warning MSB3026: "C:\Users\NUR\Desktop\antigravity pts\ProjeTakip\ProjeHavuzu.Business\bin\Debug\net10.0\ProjeHavuzu.Business.dll", "bin\Debug\net10.0\ProjeHavuzu.Business.dll" üzerine kopyalanamadı. 7 numaralı yeniden denemeye 1000 ms içinde başlanacak. The process cannot access the file 'C:\Users\NUR\Desktop\antigravity pts\ProjeTakip\ProjeHavuzu.MVCUI\bin\Debug\net10.0\ProjeHavuzu.Business.dll' because it is being used by another process. Dosya şunun tarafından kilitlendi: "ProjeHavuzu.MVCUI (16480)" [C:\Users\NUR\Desktop\antigravity pts\ProjeTakip\ProjeHavuzu.MVCUI\ProjeHavuzu.MVCUI.csproj]
C:\Program Files\dotnet\sdk\10.0.201\Microsoft.Common.CurrentVersion.targets(5094,5): warning MSB3026: "C:\Users\NUR\Desktop\antigravity pts\ProjeTakip\ProjeHavuzu.Data\bin\Debug\net10.0\ProjeHavuzu.Data.dll", "bin\Debug\net10.0\ProjeHavuzu.Data.dll" üzerine kopyalanamadı. 8 numaralı yeniden denemeye 1000 ms içinde başlanacak. The process cannot access the file 'C:\Users\NUR\Desktop\antigravity pts\ProjeTakip\ProjeHavuzu.MVCUI\bin\Debug\net10.0\ProjeHavuzu.Data.dll' because it is being used by another process. Dosya şunun tarafından kilitlendi: "ProjeHavuzu.MVCUI (16480)" [C:\Users\NUR\Desktop\antigravity pts\ProjeTakip\ProjeHavuzu.MVCUI\ProjeHavuzu.MVCUI.csproj]
C:\Program Files\dotnet\sdk\10.0.201\Microsoft.Common.CurrentVersion.targets(5094,5): warning MSB3026: "C:\Users\NUR\Desktop\antigravity pts\ProjeTakip\ProjeHavuzu.Business\bin\Debug\net10.0\ProjeHavuzu.Business.dll", "bin\Debug\net10.0\ProjeHavuzu.Business.dll" üzerine kopyalanamadı. 8 numaralı yeniden denemeye 1000 ms içinde başlanacak. The process cannot access the file 'C:\Users\NUR\Desktop\antigravity pts\ProjeTakip\ProjeHavuzu.MVCUI\bin\Debug\net10.0\ProjeHavuzu.Business.dll' because it is being used by another process. Dosya şunun tarafından kilitlendi: "ProjeHavuzu.MVCUI (16480)" [C:\Users\NUR\Desktop\antigravity pts\ProjeTakip\ProjeHavuzu.MVCUI\ProjeHavuzu.MVCUI.csproj]
C:\Program Files\dotnet\sdk\10.0.201\Microsoft.Common.CurrentVersion.targets(5094,5): warning MSB3026: "C:\Users\NUR\Desktop\antigravity pts\ProjeTakip\ProjeHavuzu.Business\bin\Debug\net10.0\ProjeHavuzu.Business.dll", "bin\Debug\net10.0\ProjeHavuzu.Business.dll" üzerine kopyalanamadı. 9 numaralı yeniden denemeye 1000 ms içinde başlanacak. The process cannot access the file 'C:\Users\NUR\Desktop\antigravity pts\ProjeTakip\ProjeHavuzu.MVCUI\bin\Debug\net10.0\ProjeHavuzu.Business.dll' because it is being used by another process. Dosya şunun tarafından kilitlendi: "ProjeHavuzu.MVCUI (16480)" [C:\Users\NUR\Desktop\antigravity pts\ProjeTakip\ProjeHavuzu.MVCUI\ProjeHavuzu.MVCUI.csproj]
C:\Program Files\dotnet\sdk\10.0.201\Microsoft.Common.CurrentVersion.targets(5094,5): warning MSB3026: "C:\Users\NUR\Desktop\antigravity pts\ProjeTakip\ProjeHavuzu.Data\bin\Debug\net10.0\ProjeHavuzu.Data.dll", "bin\Debug\net10.0\ProjeHavuzu.Data.dll" üzerine kopyalanamadı. 9 numaralı yeniden denemeye 1000 ms içinde başlanacak. The process cannot access the file 'C:\Users\NUR\Desktop\antigravity pts\ProjeTakip\ProjeHavuzu.MVCUI\bin\Debug\net10.0\ProjeHavuzu.Data.dll' because it is being used by another process. Dosya şunun tarafından kilitlendi: "ProjeHavuzu.MVCUI (16480)" [C:\Users\NUR\Desktop\antigravity pts\ProjeTakip\ProjeHavuzu.MVCUI\ProjeHavuzu.MVCUI.csproj]
C:\Program Files\dotnet\sdk\10.0.201\Microsoft.Common.CurrentVersion.targets(5094,5): warning MSB3026: "C:\Users\NUR\Desktop\antigravity pts\ProjeTakip\ProjeHavuzu.Data\bin\Debug\net10.0\ProjeHavuzu.Data.dll", "bin\Debug\net10.0\ProjeHavuzu.Data.dll" üzerine kopyalanamadı. 10 numaralı yeniden denemeye 1000 ms içinde başlanacak. The process cannot access the file 'C:\Users\NUR\Desktop\antigravity pts\ProjeTakip\ProjeHavuzu.MVCUI\bin\Debug\net10.0\ProjeHavuzu.Data.dll' because it is being used by another process. Dosya şunun tarafından kilitlendi: "ProjeHavuzu.MVCUI (16480)" [C:\Users\NUR\Desktop\antigravity pts\ProjeTakip\ProjeHavuzu.MVCUI\ProjeHavuzu.MVCUI.csproj]
C:\Program Files\dotnet\sdk\10.0.201\Microsoft.Common.CurrentVersion.targets(5094,5): warning MSB3026: "C:\Users\NUR\Desktop\antigravity pts\ProjeTakip\ProjeHavuzu.Business\bin\Debug\net10.0\ProjeHavuzu.Business.dll", "bin\Debug\net10.0\ProjeHavuzu.Business.dll" üzerine kopyalanamadı. 10 numaralı yeniden denemeye 1000 ms içinde başlanacak. The process cannot access the file 'C:\Users\NUR\Desktop\antigravity pts\ProjeTakip\ProjeHavuzu.MVCUI\bin\Debug\net10.0\ProjeHavuzu.Business.dll' because it is being used by another process. Dosya şunun tarafından kilitlendi: "ProjeHavuzu.MVCUI (16480)" [C:\Users\NUR\Desktop\antigravity pts\ProjeTakip\ProjeHavuzu.MVCUI\ProjeHavuzu.MVCUI.csproj]
C:\Program Files\dotnet\sdk\10.0.201\Microsoft.Common.CurrentVersion.targets(5094,5): error MSB3027: "C:\Users\NUR\Desktop\antigravity pts\ProjeTakip\ProjeHavuzu.Business\bin\Debug\net10.0\ProjeHavuzu.Business.dll", "bin\Debug\net10.0\ProjeHavuzu.Business.dll" üzerine kopyalanamadı. 10 yeniden deneme sayısı aşıldı. Başarısız oldu. Dosya şunun tarafından kilitlendi: "ProjeHavuzu.MVCUI (16480)" [C:\Users\NUR\Desktop\antigravity pts\ProjeTakip\ProjeHavuzu.MVCUI\ProjeHavuzu.MVCUI.csproj]
C:\Program Files\dotnet\sdk\10.0.201\Microsoft.Common.CurrentVersion.targets(5094,5): error MSB3021: "C:\Users\NUR\Desktop\antigravity pts\ProjeTakip\ProjeHavuzu.Business\bin\Debug\net10.0\ProjeHavuzu.Business.dll" dosyası "bin\Debug\net10.0\ProjeHavuzu.Business.dll" üzerine kopyalanamıyor. The process cannot access the file 'C:\Users\NUR\Desktop\antigravity pts\ProjeTakip\ProjeHavuzu.MVCUI\bin\Debug\net10.0\ProjeHavuzu.Business.dll' because it is being used by another process. [C:\Users\NUR\Desktop\antigravity pts\ProjeTakip\ProjeHavuzu.MVCUI\ProjeHavuzu.MVCUI.csproj]
C:\Program Files\dotnet\sdk\10.0.201\Microsoft.Common.CurrentVersion.targets(5094,5): error MSB3027: "C:\Users\NUR\Desktop\antigravity pts\ProjeTakip\ProjeHavuzu.Data\bin\Debug\net10.0\ProjeHavuzu.Data.dll", "bin\Debug\net10.0\ProjeHavuzu.Data.dll" üzerine kopyalanamadı. 10 yeniden deneme sayısı aşıldı. Başarısız oldu. Dosya şunun tarafından kilitlendi: "ProjeHavuzu.MVCUI (16480)" [C:\Users\NUR\Desktop\antigravity pts\ProjeTakip\ProjeHavuzu.MVCUI\ProjeHavuzu.MVCUI.csproj]
C:\Program Files\dotnet\sdk\10.0.201\Microsoft.Common.CurrentVersion.targets(5094,5): error MSB3021: "C:\Users\NUR\Desktop\antigravity pts\ProjeTakip\ProjeHavuzu.Data\bin\Debug\net10.0\ProjeHavuzu.Data.dll" dosyası "bin\Debug\net10.0\ProjeHavuzu.Data.dll" üzerine kopyalanamıyor. The process cannot access the file 'C:\Users\NUR\Desktop\antigravity pts\ProjeTakip\ProjeHavuzu.MVCUI\bin\Debug\net10.0\ProjeHavuzu.Data.dll' because it is being used by another process. [C:\Users\NUR\Desktop\antigravity pts\ProjeTakip\ProjeHavuzu.MVCUI\ProjeHavuzu.MVCUI.csproj]
    36 Uyarı
    4 Hata

Geçen Süre 00:00:14.99
